------------------------------------------------------------
TimeQuest Timing Analyzer Summary
------------------------------------------------------------

Type  : Slow 1200mV 85C Model Setup 'divfreq:F0|CLK_div'
Slack : -16.544
TNS   : -3269.240

Type  : Slow 1200mV 85C Model Setup 'divfreq_change:F4|CLK_div_change'
Slack : -15.321
TNS   : -1603.471

Type  : Slow 1200mV 85C Model Setup 'CLK'
Slack : -3.771
TNS   : -236.659

Type  : Slow 1200mV 85C Model Setup 'divfreq2:F1|CLK_div2'
Slack : -0.327
TNS   : -0.356

Type  : Slow 1200mV 85C Model Hold 'CLK'
Slack : -0.089
TNS   : -0.089

Type  : Slow 1200mV 85C Model Hold 'divfreq:F0|CLK_div'
Slack : 0.433
TNS   : 0.000

Type  : Slow 1200mV 85C Model Hold 'divfreq2:F1|CLK_div2'
Slack : 0.454
TNS   : 0.000

Type  : Slow 1200mV 85C Model Hold 'divfreq_change:F4|CLK_div_change'
Slack : 0.454
TNS   : 0.000

Type  : Slow 1200mV 85C Model Minimum Pulse Width 'CLK'
Slack : -3.000
TNS   : -118.986

Type  : Slow 1200mV 85C Model Minimum Pulse Width 'divfreq:F0|CLK_div'
Slack : -1.487
TNS   : -801.493

Type  : Slow 1200mV 85C Model Minimum Pulse Width 'divfreq_change:F4|CLK_div_change'
Slack : -1.487
TNS   : -242.381

Type  : Slow 1200mV 85C Model Minimum Pulse Width 'divfreq2:F1|CLK_div2'
Slack : -1.487
TNS   : -4.461

Type  : Slow 1200mV 0C Model Setup 'divfreq:F0|CLK_div'
Slack : -15.132
TNS   : -3011.475

Type  : Slow 1200mV 0C Model Setup 'divfreq_change:F4|CLK_div_change'
Slack : -14.060
TNS   : -1477.687

Type  : Slow 1200mV 0C Model Setup 'CLK'
Slack : -3.513
TNS   : -217.928

Type  : Slow 1200mV 0C Model Setup 'divfreq2:F1|CLK_div2'
Slack : -0.194
TNS   : -0.194

Type  : Slow 1200mV 0C Model Hold 'CLK'
Slack : -0.060
TNS   : -0.060

Type  : Slow 1200mV 0C Model Hold 'divfreq:F0|CLK_div'
Slack : 0.383
TNS   : 0.000

Type  : Slow 1200mV 0C Model Hold 'divfreq_change:F4|CLK_div_change'
Slack : 0.402
TNS   : 0.000

Type  : Slow 1200mV 0C Model Hold 'divfreq2:F1|CLK_div2'
Slack : 0.403
TNS   : 0.000

Type  : Slow 1200mV 0C Model Minimum Pulse Width 'CLK'
Slack : -3.000
TNS   : -118.986

Type  : Slow 1200mV 0C Model Minimum Pulse Width 'divfreq:F0|CLK_div'
Slack : -1.487
TNS   : -801.493

Type  : Slow 1200mV 0C Model Minimum Pulse Width 'divfreq_change:F4|CLK_div_change'
Slack : -1.487
TNS   : -242.381

Type  : Slow 1200mV 0C Model Minimum Pulse Width 'divfreq2:F1|CLK_div2'
Slack : -1.487
TNS   : -4.461

Type  : Fast 1200mV 0C Model Setup 'divfreq:F0|CLK_div'
Slack : -6.565
TNS   : -1153.512

Type  : Fast 1200mV 0C Model Setup 'divfreq_change:F4|CLK_div_change'
Slack : -6.314
TNS   : -624.983

Type  : Fast 1200mV 0C Model Setup 'CLK'
Slack : -0.985
TNS   : -55.710

Type  : Fast 1200mV 0C Model Setup 'divfreq2:F1|CLK_div2'
Slack : 0.418
TNS   : 0.000

Type  : Fast 1200mV 0C Model Hold 'CLK'
Slack : -0.202
TNS   : -0.415

Type  : Fast 1200mV 0C Model Hold 'divfreq:F0|CLK_div'
Slack : 0.179
TNS   : 0.000

Type  : Fast 1200mV 0C Model Hold 'divfreq2:F1|CLK_div2'
Slack : 0.187
TNS   : 0.000

Type  : Fast 1200mV 0C Model Hold 'divfreq_change:F4|CLK_div_change'
Slack : 0.187
TNS   : 0.000

Type  : Fast 1200mV 0C Model Minimum Pulse Width 'CLK'
Slack : -3.000
TNS   : -85.967

Type  : Fast 1200mV 0C Model Minimum Pulse Width 'divfreq:F0|CLK_div'
Slack : -1.000
TNS   : -539.000

Type  : Fast 1200mV 0C Model Minimum Pulse Width 'divfreq_change:F4|CLK_div_change'
Slack : -1.000
TNS   : -163.000

Type  : Fast 1200mV 0C Model Minimum Pulse Width 'divfreq2:F1|CLK_div2'
Slack : -1.000
TNS   : -3.000

------------------------------------------------------------
