------------------------------------------------------------
TimeQuest Timing Analyzer Summary
------------------------------------------------------------

Type  : Slow 1200mV 85C Model Setup 'divfreq_change:F4|CLK_div_change'
Slack : -16.124
TNS   : -1706.647

Type  : Slow 1200mV 85C Model Setup 'divfreq:F0|CLK_div'
Slack : -15.499
TNS   : -3392.028

Type  : Slow 1200mV 85C Model Setup 'CLK'
Slack : -3.686
TNS   : -241.666

Type  : Slow 1200mV 85C Model Setup 'divfreq2:F1|CLK_div2'
Slack : -0.318
TNS   : -0.347

Type  : Slow 1200mV 85C Model Hold 'CLK'
Slack : -0.150
TNS   : -0.167

Type  : Slow 1200mV 85C Model Hold 'divfreq:F0|CLK_div'
Slack : 0.432
TNS   : 0.000

Type  : Slow 1200mV 85C Model Hold 'divfreq_change:F4|CLK_div_change'
Slack : 0.436
TNS   : 0.000

Type  : Slow 1200mV 85C Model Hold 'divfreq2:F1|CLK_div2'
Slack : 0.454
TNS   : 0.000

Type  : Slow 1200mV 85C Model Minimum Pulse Width 'CLK'
Slack : -3.000
TNS   : -118.986

Type  : Slow 1200mV 85C Model Minimum Pulse Width 'divfreq:F0|CLK_div'
Slack : -1.487
TNS   : -801.493

Type  : Slow 1200mV 85C Model Minimum Pulse Width 'divfreq_change:F4|CLK_div_change'
Slack : -1.487
TNS   : -242.381

Type  : Slow 1200mV 85C Model Minimum Pulse Width 'divfreq2:F1|CLK_div2'
Slack : -1.487
TNS   : -4.461

Type  : Slow 1200mV 0C Model Setup 'divfreq_change:F4|CLK_div_change'
Slack : -14.827
TNS   : -1579.688

Type  : Slow 1200mV 0C Model Setup 'divfreq:F0|CLK_div'
Slack : -14.180
TNS   : -3131.569

Type  : Slow 1200mV 0C Model Setup 'CLK'
Slack : -3.422
TNS   : -222.570

Type  : Slow 1200mV 0C Model Setup 'divfreq2:F1|CLK_div2'
Slack : -0.185
TNS   : -0.185

Type  : Slow 1200mV 0C Model Hold 'CLK'
Slack : -0.120
TNS   : -0.120

Type  : Slow 1200mV 0C Model Hold 'divfreq:F0|CLK_div'
Slack : 0.382
TNS   : 0.000

Type  : Slow 1200mV 0C Model Hold 'divfreq_change:F4|CLK_div_change'
Slack : 0.386
TNS   : 0.000

Type  : Slow 1200mV 0C Model Hold 'divfreq2:F1|CLK_div2'
Slack : 0.403
TNS   : 0.000

Type  : Slow 1200mV 0C Model Minimum Pulse Width 'CLK'
Slack : -3.000
TNS   : -118.986

Type  : Slow 1200mV 0C Model Minimum Pulse Width 'divfreq:F0|CLK_div'
Slack : -1.487
TNS   : -801.493

Type  : Slow 1200mV 0C Model Minimum Pulse Width 'divfreq_change:F4|CLK_div_change'
Slack : -1.487
TNS   : -242.381

Type  : Slow 1200mV 0C Model Minimum Pulse Width 'divfreq2:F1|CLK_div2'
Slack : -1.487
TNS   : -4.461

Type  : Fast 1200mV 0C Model Setup 'divfreq_change:F4|CLK_div_change'
Slack : -6.554
TNS   : -656.554

Type  : Fast 1200mV 0C Model Setup 'divfreq:F0|CLK_div'
Slack : -6.013
TNS   : -1198.538

Type  : Fast 1200mV 0C Model Setup 'CLK'
Slack : -0.972
TNS   : -57.571

Type  : Fast 1200mV 0C Model Setup 'divfreq2:F1|CLK_div2'
Slack : 0.421
TNS   : 0.000

Type  : Fast 1200mV 0C Model Hold 'CLK'
Slack : -0.240
TNS   : -0.518

Type  : Fast 1200mV 0C Model Hold 'divfreq:F0|CLK_div'
Slack : 0.178
TNS   : 0.000

Type  : Fast 1200mV 0C Model Hold 'divfreq_change:F4|CLK_div_change'
Slack : 0.180
TNS   : 0.000

Type  : Fast 1200mV 0C Model Hold 'divfreq2:F1|CLK_div2'
Slack : 0.187
TNS   : 0.000

Type  : Fast 1200mV 0C Model Minimum Pulse Width 'CLK'
Slack : -3.000
TNS   : -86.313

Type  : Fast 1200mV 0C Model Minimum Pulse Width 'divfreq:F0|CLK_div'
Slack : -1.000
TNS   : -539.000

Type  : Fast 1200mV 0C Model Minimum Pulse Width 'divfreq_change:F4|CLK_div_change'
Slack : -1.000
TNS   : -163.000

Type  : Fast 1200mV 0C Model Minimum Pulse Width 'divfreq2:F1|CLK_div2'
Slack : -1.000
TNS   : -3.000

------------------------------------------------------------
